// Jest Snapshot v1, https://goo.gl/fbAQLP

exports[`PriceList renders with price labels 1`] = `
<Fragment>
  <Field
    component={[Function]}
    disabled={false}
    extraInput={
      Object {
        "max": 10000,
        "min": 1,
        "step": 0.01,
      }
    }
    key="a"
    label={
      <FieldLabel
        className=""
        extraText=""
        helpText=""
        id={null}
        optional={false}
        required={true}
        text="A Price (USD)"
      />
    }
    name="prices.a"
    required={false}
    type="number"
  />
  <Field
    component={[Function]}
    disabled={false}
    extraInput={
      Object {
        "max": 10000,
        "min": 1,
        "step": 0.01,
      }
    }
    key="b"
    label={
      <FieldLabel
        className=""
        extraText=""
        helpText=""
        id={null}
        optional={false}
        required={true}
        text="B Price (USD)"
      />
    }
    name="prices.b"
    required={false}
    type="number"
  />
</Fragment>
`;

exports[`PriceList renders without any price labels 1`] = `<Fragment />`;
