// Jest Snapshot v1, https://goo.gl/fbAQLP

exports[`Social links renders correctly when given fields 1`] = `
<div
  className="social-links mb-3"
>
  <ul
    className="list-group p-0 m-0 container-fluid"
  >
    <li
      className="social-link list-group-item row d-flex align-items-center px-0 mx-0"
      key="[object Object]"
    >
      <div
        className="col-4"
      >
        <Field
          component={[Function]}
          label={
            <FieldLabel
              className=""
              extraText=""
              helpText=""
              id={null}
              optional={false}
              required={true}
              text="Type"
            />
          }
          name="[object Object].type"
          options={
            Array [
              Object {
                "label": "Please select a type",
                "value": "",
              },
              Object {
                "label": "Facebook",
                "value": "facebook",
              },
              Object {
                "label": "Twitter",
                "value": "twitter",
              },
              Object {
                "label": "Blog",
                "value": "blog",
              },
              Object {
                "label": "Other",
                "value": "others",
              },
            ]
          }
          required={true}
        />
      </div>
      <div
        className="col-3"
      >
        <Field
          component={[Function]}
          label={
            <FieldLabel
              className=""
              extraText=""
              helpText=""
              id={null}
              optional={false}
              text="Link Text"
            />
          }
          name="[object Object].title"
          type="text"
        />
      </div>
      <div
        className="col-4"
      >
        <Field
          component={[Function]}
          label={
            <FieldLabel
              className=""
              extraText=""
              helpText=""
              id={null}
              optional={false}
              required={true}
              text="URL"
            />
          }
          name="[object Object].url"
          required={true}
          type="url"
        />
      </div>
      <input
        name="[object Object].id"
        type="hidden"
      />
      <RemoveButton
        className="col-1 m-auto"
        label="Remove social link"
        onRemove={[Function]}
        targetFieldNumber={0}
      />
    </li>
  </ul>
  <button
    className="btn btn-outline-primary js-add-button mt-2"
    onClick={[Function]}
    type="button"
  >
    Add social link
  </button>
</div>
`;

exports[`Social links renders correctly with no fields 1`] = `
<div
  className="social-links mb-3"
>
  <ul
    className="list-group p-0 m-0 container-fluid"
  />
  <button
    className="btn btn-outline-primary js-add-button mt-2"
    onClick={[Function]}
    type="button"
  >
    Add social link
  </button>
</div>
`;
