// Jest Snapshot v1, https://goo.gl/fbAQLP

exports[`LoadingSpinner shows a loading spinner 1`] = `
<div
  className="mx-auto text-center"
>
  <div>
    Loadingâ€¦
  </div>
  <ForwardRef
    animation="border"
    className="mie-3"
    screenReaderText="loading"
  />
</div>
`;
