// Jest Snapshot v1, https://goo.gl/fbAQLP

exports[`StaffList renders a grid of staff members 1`] = `
ShallowWrapper {
  Symbol(enzyme.__root__): [Circular],
  Symbol(enzyme.__unrendered__): <StaffList
    input={
      Object {
        "onChange": [MockFunction],
        "value": Array [
          Object {
            "family_name": "Last",
            "given_name": "First",
            "profile_image_url": "/media/people/profile_images/6f23f2f8-10dd-454a-8497-2ba972c980c4-a411afec9477.jpeg",
            "uuid": "6f23f2f8-10dd-454a-8497-2ba972c980c4",
          },
          Object {
            "family_name": null,
            "given_name": "Pippa",
            "profile_image_url": "/media/people/profile_images/17d0e2c0-9a02-421b-93bf-d081339090cc-68912d27b6e7.jpeg",
            "uuid": "17d0e2c0-9a02-421b-93bf-d081339090cc",
          },
          Object {
            "family_name": "Grohl",
            "given_name": "Dave",
            "profile_image_url": "/media/people/profile_images/2aba6189-ad7e-45a8-b269-bea071b80391-11df6812f839.png",
            "uuid": "2aba6189-ad7e-45a8-b269-bea071b80391",
          },
        ],
      }
    }
  />,
  Symbol(enzyme.__renderer__): Object {
    "batchedUpdates": [Function],
    "checkPropTypes": [Function],
    "getNode": [Function],
    "render": [Function],
    "simulateError": [Function],
    "simulateEvent": [Function],
    "unmount": [Function],
  },
  Symbol(enzyme.__node__): Object {
    "instance": null,
    "key": undefined,
    "nodeType": "function",
    "props": Object {
      "children": Array [
        "Staff",
        <DragDropContext
          onDragEnd={[Function]}
        >
          <Connect(Droppable)
            direction="vertical"
            droppableId="StaffList"
            ignoreContainerClipping={false}
            isCombineEnabled={false}
            isDropDisabled={false}
            type="DEFAULT"
          >
            [Function]
          </Connect(Droppable)>
        </DragDropContext>,
      ],
    },
    "ref": null,
    "rendered": Array [
      "Staff",
      Object {
        "instance": null,
        "key": undefined,
        "nodeType": "class",
        "props": Object {
          "children": <Connect(Droppable)
            direction="vertical"
            droppableId="StaffList"
            ignoreContainerClipping={false}
            isCombineEnabled={false}
            isDropDisabled={false}
            type="DEFAULT"
          >
            [Function]
          </Connect(Droppable)>,
          "onDragEnd": [Function],
        },
        "ref": null,
        "rendered": Object {
          "instance": null,
          "key": undefined,
          "nodeType": "class",
          "props": Object {
            "children": [Function],
            "direction": "vertical",
            "droppableId": "StaffList",
            "ignoreContainerClipping": false,
            "isCombineEnabled": false,
            "isDropDisabled": false,
            "type": "DEFAULT",
          },
          "ref": null,
          "rendered": [Function],
          "type": [Function],
        },
        "type": [Function],
      },
    ],
    "type": Symbol(react.fragment),
  },
  Symbol(enzyme.__nodes__): Array [
    Object {
      "instance": null,
      "key": undefined,
      "nodeType": "function",
      "props": Object {
        "children": Array [
          "Staff",
          <DragDropContext
            onDragEnd={[Function]}
          >
            <Connect(Droppable)
              direction="vertical"
              droppableId="StaffList"
              ignoreContainerClipping={false}
              isCombineEnabled={false}
              isDropDisabled={false}
              type="DEFAULT"
            >
              [Function]
            </Connect(Droppable)>
          </DragDropContext>,
        ],
      },
      "ref": null,
      "rendered": Array [
        "Staff",
        Object {
          "instance": null,
          "key": undefined,
          "nodeType": "class",
          "props": Object {
            "children": <Connect(Droppable)
              direction="vertical"
              droppableId="StaffList"
              ignoreContainerClipping={false}
              isCombineEnabled={false}
              isDropDisabled={false}
              type="DEFAULT"
            >
              [Function]
            </Connect(Droppable)>,
            "onDragEnd": [Function],
          },
          "ref": null,
          "rendered": Object {
            "instance": null,
            "key": undefined,
            "nodeType": "class",
            "props": Object {
              "children": [Function],
              "direction": "vertical",
              "droppableId": "StaffList",
              "ignoreContainerClipping": false,
              "isCombineEnabled": false,
              "isDropDisabled": false,
              "type": "DEFAULT",
            },
            "ref": null,
            "rendered": [Function],
            "type": [Function],
          },
          "type": [Function],
        },
      ],
      "type": Symbol(react.fragment),
    },
  ],
  Symbol(enzyme.__options__): Object {
    "adapter": ReactSixteenAdapter {
      "options": Object {
        "enableComponentDidUpdateOnSetState": true,
        "legacyContextMode": "parent",
        "lifecycles": Object {
          "componentDidUpdate": Object {
            "onSetState": true,
          },
          "getChildContext": Object {
            "calledByRenderer": false,
          },
          "getDerivedStateFromProps": Object {
            "hasShouldComponentUpdateBug": false,
          },
          "getSnapshotBeforeUpdate": true,
          "setState": Object {
            "skipsComponentDidUpdateOnNullish": true,
          },
        },
      },
    },
  },
  Symbol(enzyme.__childContext__): null,
}
`;
